2026-08-05 00:14:29,374 INFO Startup
2026-08-05 00:14:29,375 INFO Refresh
2026-08-05 00:14:29,375 INFO Shutdown: all feeds ready
2026-08-05 00:25:04,504 INFO Startup
2026-08-05 00:25:04,504 INFO Refresh
2026-08-05 00:25:04,504 INFO Shutdown: all feeds ready
2026-08-05 00:29:00,687 INFO Startup
2026-08-05 00:29:00,688 INFO Refresh
2026-08-05 00:29:00,688 INFO Shutdown: all feeds ready
2026-08-05 00:29:00,689 INFO Startup
2026-08-05 00:29:00,689 INFO Refresh
2026-08-05 00:29:00,689 WARNING Feed directory is missing: missing
2026-08-05 00:29:00,690 INFO Shutdown: keyboard interrupt
2026-08-05 00:29:22,726 INFO Startup
2026-08-05 00:29:22,726 INFO Refresh
2026-08-05 00:29:22,727 INFO Shutdown: all feeds ready
2026-08-05 00:29:22,727 INFO Startup
2026-08-05 00:29:22,727 INFO Refresh
2026-08-05 00:29:22,728 WARNING Feed directory is missing: missing
2026-08-05 00:29:22,728 INFO Shutdown: keyboard interrupt
2026-08-05 00:29:36,258 INFO Startup
2026-08-05 00:29:36,258 INFO Refresh
2026-08-05 00:29:36,259 INFO Shutdown: all feeds ready
2026-08-05 00:29:36,259 INFO Startup
2026-08-05 00:29:36,259 INFO Refresh
2026-08-05 00:29:36,260 WARNING Feed directory is missing: missing
2026-08-05 00:29:36,261 INFO Shutdown: keyboard interrupt
2026-08-05 19:28:32,175 INFO Startup
2026-08-05 19:28:32,175 INFO Refresh
2026-08-05 19:28:32,175 INFO Shutdown: all feeds ready
2026-08-05 19:28:32,176 INFO Startup
2026-08-05 19:28:32,176 INFO Refresh
2026-08-05 19:28:32,177 WARNING Feed directory is missing: missing
2026-08-05 19:28:32,177 INFO Shutdown: keyboard interrupt
2026-08-06 22:57:22,160 INFO Startup
2026-08-06 22:57:22,161 INFO Refresh
2026-08-06 22:57:22,162 INFO Shutdown: all feeds ready
2026-08-06 22:57:22,162 INFO Ready: Customer (customer.csv)
2026-08-06 22:57:22,163 INFO Ready: Orders (orders.csv)
2026-08-06 22:57:22,163 INFO Startup
2026-08-06 22:57:22,163 INFO Refresh
2026-08-06 22:57:22,164 WARNING Feed directory is missing: missing
2026-08-06 22:57:22,165 INFO Shutdown: keyboard interrupt
2026-08-06 22:58:21,155 INFO Startup
2026-08-06 22:58:21,155 INFO Refresh
2026-08-06 22:58:21,155 INFO Shutdown: all feeds ready
2026-08-06 22:58:21,156 INFO Ready: Customer (customer.csv)
2026-08-06 22:58:21,156 INFO Ready: Orders (orders.csv)
2026-08-06 22:58:21,156 INFO Startup
2026-08-06 22:58:21,156 INFO Refresh
2026-08-06 22:58:21,157 WARNING Feed directory is missing: missing
2026-08-06 22:58:21,158 INFO Shutdown: keyboard interrupt
2026-08-06 22:58:48,097 INFO Startup
2026-08-06 22:58:48,098 INFO Refresh
2026-08-06 22:58:48,098 INFO Shutdown: all feeds ready
2026-08-06 22:58:48,098 INFO Ready: Customer (customer.csv)
2026-08-06 22:58:48,098 INFO Ready: Orders (orders.csv)
2026-08-06 22:58:48,098 INFO Startup
2026-08-06 22:58:48,099 INFO Refresh
2026-08-06 22:58:48,100 WARNING Feed directory is missing: missing
2026-08-06 22:58:48,100 INFO Shutdown: keyboard interrupt
2026-08-06 22:58:48,100 INFO Startup
2026-08-06 22:58:48,100 INFO Refresh
2026-08-06 22:58:48,101 INFO Ready: Customer (customer.csv)
2026-08-06 22:58:48,101 INFO Ready: Orders (orders.csv)
2026-08-06 22:58:48,101 INFO Ready: Payments (payments.csv)
2026-08-06 22:58:48,101 INFO Shutdown: all feeds ready
2026-08-07 23:01:00,174 INFO Startup
2026-08-07 23:01:00,174 INFO Refresh
2026-08-07 23:01:00,175 INFO Shutdown: all feeds ready
2026-08-07 23:01:00,175 INFO Ready: Customer (customer.csv)
2026-08-07 23:01:00,175 INFO Ready: Orders (orders.csv)
2026-08-07 23:01:00,175 INFO Startup
2026-08-07 23:01:00,176 INFO Refresh
2026-08-07 23:01:00,177 WARNING Feed directory is missing: missing
2026-08-07 23:01:00,177 INFO Shutdown: keyboard interrupt
2026-08-07 23:01:00,177 INFO Startup
2026-08-07 23:01:00,178 INFO Refresh
2026-08-07 23:01:00,178 INFO Ready: Customer (customer.csv)
2026-08-07 23:01:00,178 INFO Ready: Orders (orders.csv)
2026-08-07 23:01:00,178 INFO Ready: Payments (payments.csv)
2026-08-07 23:01:00,178 INFO Shutdown: all feeds ready
2026-08-07 23:01:15,541 INFO Startup
2026-08-07 23:01:15,541 INFO Refresh
2026-08-07 23:01:15,541 INFO Shutdown: all feeds ready
2026-08-07 23:01:15,541 INFO Ready: Customer (customer.csv)
2026-08-07 23:01:15,541 INFO Ready: Orders (orders.csv)
2026-08-07 23:01:15,542 INFO Startup
2026-08-07 23:01:15,542 INFO Refresh
2026-08-07 23:01:15,543 WARNING Feed directory is missing: missing
2026-08-07 23:01:15,543 INFO Shutdown: keyboard interrupt
2026-08-07 23:01:15,544 INFO Startup
2026-08-07 23:01:15,544 INFO Refresh
2026-08-07 23:01:15,544 INFO Ready: Customer (customer.csv)
2026-08-07 23:01:15,544 INFO Ready: Orders (orders.csv)
2026-08-07 23:01:15,544 INFO Ready: Payments (payments.csv)
2026-08-07 23:01:15,544 INFO Shutdown: all feeds ready
2026-08-07 23:01:30,230 INFO Startup
2026-08-07 23:01:30,230 INFO Refresh
2026-08-07 23:01:30,230 INFO Shutdown: all feeds ready
2026-08-07 23:01:30,230 INFO Ready: Customer (customer.csv)
2026-08-07 23:01:30,230 INFO Ready: Orders (orders.csv)
2026-08-07 23:01:30,231 INFO Startup
2026-08-07 23:01:30,231 INFO Refresh
2026-08-07 23:01:30,232 WARNING Feed directory is missing: missing
2026-08-07 23:01:30,232 INFO Shutdown: keyboard interrupt
2026-08-07 23:01:30,233 INFO Startup
2026-08-07 23:01:30,233 INFO Refresh
2026-08-07 23:01:30,233 INFO Ready: Customer (customer.csv)
2026-08-07 23:01:30,233 INFO Ready: Orders (orders.csv)
2026-08-07 23:01:30,233 INFO Ready: Payments (payments.csv)
2026-08-07 23:01:30,233 INFO Shutdown: all feeds ready
2026-08-07 23:01:47,892 INFO Startup
2026-08-07 23:01:47,892 INFO Refresh
2026-08-07 23:01:47,893 INFO Shutdown: all feeds ready
2026-08-07 23:01:47,893 INFO Ready: Customer (customer.csv)
2026-08-07 23:01:47,893 INFO Ready: Orders (orders.csv)
2026-08-07 23:01:47,893 INFO Startup
2026-08-07 23:01:47,894 INFO Refresh
2026-08-07 23:01:47,895 WARNING Feed directory is missing: missing
2026-08-07 23:01:47,895 INFO Shutdown: keyboard interrupt
2026-08-07 23:01:47,895 INFO Startup
2026-08-07 23:01:47,895 INFO Refresh
2026-08-07 23:01:47,896 INFO Ready: Customer (customer.csv)
2026-08-07 23:01:47,896 INFO Ready: Orders (orders.csv)
2026-08-07 23:01:47,896 INFO Ready: Payments (payments.csv)
2026-08-07 23:01:47,896 INFO Shutdown: all feeds ready
2026-08-07 23:02:05,334 INFO Startup
2026-08-07 23:02:05,335 INFO Refresh
2026-08-07 23:02:05,336 INFO Shutdown: all feeds ready
2026-08-07 23:02:05,336 INFO Ready: Customer (customer.csv)
2026-08-07 23:02:05,337 INFO Ready: Orders (orders.csv)
2026-08-07 23:02:05,338 INFO Startup
2026-08-07 23:02:05,339 INFO Refresh
2026-08-07 23:02:05,347 WARNING Feed directory is missing: missing
2026-08-07 23:02:05,348 INFO Shutdown: keyboard interrupt
2026-08-07 23:02:05,350 INFO Startup
2026-08-07 23:02:05,359 INFO Refresh
2026-08-07 23:02:05,360 INFO Ready: Customer (customer.csv)
2026-08-07 23:02:05,361 INFO Ready: Orders (orders.csv)
2026-08-07 23:02:05,361 INFO Ready: Payments (payments.csv)
2026-08-07 23:02:05,361 INFO Shutdown: all feeds ready
2026-08-07 23:15:29,133 INFO Startup
2026-08-07 23:15:29,134 INFO Refresh
2026-08-07 23:15:29,134 INFO Shutdown: all feeds ready
2026-08-07 23:15:29,134 INFO Ready: Customer (customer.csv)
2026-08-07 23:15:29,134 INFO Ready: Orders (orders.csv)
2026-08-07 23:15:29,135 INFO Startup
2026-08-07 23:15:29,135 INFO Refresh
2026-08-07 23:15:29,136 WARNING Feed directory is missing: missing
2026-08-07 23:15:29,136 INFO Shutdown: keyboard interrupt
2026-08-07 23:15:29,137 INFO Startup
2026-08-07 23:15:29,137 INFO Refresh
2026-08-07 23:15:29,137 INFO Ready: Customer (customer.csv)
2026-08-07 23:15:29,137 INFO Ready: Orders (orders.csv)
2026-08-07 23:15:29,137 INFO Ready: Payments (payments.csv)
2026-08-07 23:15:29,138 INFO Shutdown: all feeds ready
2026-08-07 23:15:39,557 INFO Startup
2026-08-07 23:15:39,558 INFO Refresh
2026-08-07 23:15:39,558 INFO Shutdown: all feeds ready
2026-08-07 23:15:39,558 INFO Ready: Customer (customer.csv)
2026-08-07 23:15:39,558 INFO Ready: Orders (orders.csv)
2026-08-07 23:15:39,559 INFO Startup
2026-08-07 23:15:39,559 INFO Refresh
2026-08-07 23:15:39,560 WARNING Feed directory is missing: missing
2026-08-07 23:15:39,560 INFO Shutdown: keyboard interrupt
2026-08-07 23:15:39,560 INFO Startup
2026-08-07 23:15:39,561 INFO Refresh
2026-08-07 23:15:39,561 INFO Ready: Customer (customer.csv)
2026-08-07 23:15:39,561 INFO Ready: Orders (orders.csv)
2026-08-07 23:15:39,561 INFO Ready: Payments (payments.csv)
2026-08-07 23:15:39,561 INFO Shutdown: all feeds ready
2026-08-07 23:16:15,174 INFO Startup
2026-08-07 23:16:15,174 INFO Refresh
2026-08-07 23:16:15,175 INFO Shutdown: all feeds ready
2026-08-07 23:16:15,175 INFO Ready: Customer (customer.csv)
2026-08-07 23:16:15,175 INFO Ready: Orders (orders.csv)
2026-08-07 23:16:15,176 INFO Startup
2026-08-07 23:16:15,176 INFO Refresh
2026-08-07 23:16:15,178 WARNING Feed directory is missing: missing
2026-08-07 23:16:15,178 INFO Shutdown: keyboard interrupt
2026-08-07 23:16:15,178 INFO Startup
2026-08-07 23:16:15,179 INFO Refresh
2026-08-07 23:16:15,179 INFO Ready: Customer (customer.csv)
2026-08-07 23:16:15,179 INFO Ready: Orders (orders.csv)
2026-08-07 23:16:15,179 INFO Ready: Payments (payments.csv)
2026-08-07 23:16:15,179 INFO Shutdown: all feeds ready
2026-08-07 23:16:45,067 INFO Startup
2026-08-07 23:16:45,067 INFO Refresh
2026-08-07 23:16:45,067 INFO Shutdown: all feeds ready
2026-08-07 23:16:45,068 INFO Ready: Customer (customer.csv)
2026-08-07 23:16:45,068 INFO Ready: Orders (orders.csv)
2026-08-07 23:16:45,068 INFO Startup
2026-08-07 23:16:45,068 INFO Refresh
2026-08-07 23:16:45,069 WARNING Feed directory is missing: missing
2026-08-07 23:16:45,069 INFO Shutdown: keyboard interrupt
2026-08-07 23:16:45,070 INFO Startup
2026-08-07 23:16:45,070 INFO Refresh
2026-08-07 23:16:45,070 INFO Ready: Customer (customer.csv)
2026-08-07 23:16:45,070 INFO Ready: Orders (orders.csv)
2026-08-07 23:16:45,070 INFO Ready: Payments (payments.csv)
2026-08-07 23:16:45,071 INFO Shutdown: all feeds ready
